[    7115ms] [LOG] %cKimi.ai 
  color: #1772F6;
  font-weight: bold;
  font-size: 3em;
  padding: 10px 0;
  text-shadow: 0.7px 1px 0 rgb(255 255 255 / 100%),
    1.4px 2px 0 rgb(255 255 255 / 96%),
    2.1px 3px 0 rgb(255 255 255 / 92%),
    2.8px 4px 0 rgb(255 255 255 / 88%),
    1px 1px 2px rgb(100 100 100 / 70%);
 @ https://statics.moonshot.cn/kimi-web-seo/assets/index-D75PbsAT.js:1
[    7116ms] [LOG] %c林深时见鹿，海深时见鲸，情深时见你🥰

爬虫万里，不如 API 走起🥺

一键接入 Kimi 大模型👇

https://platform.kimi.com 
  font-size: 1.2em;
 @ https://statics.moonshot.cn/kimi-web-seo/assets/index-D75PbsAT.js:1
[    8763ms] [LOG] %c %s color: yellow; background-color: black; [instance: default] appid: 20001731, userInfo:{"user_unique_id":"7665643151566049797","web_id":"7665643151566049797"} @ https://lf3-data.volccdn.com/obj/data-static/log-sdk/collect/5.0/collect-rangers-v5.1.12.js:0
[    8764ms] [LOG] %c %s color: yellow; background-color: black; [instance: default] appid: 20001731, sdk is ready, version is 5.1.12_tob, you can report now !!! @ https://lf3-data.volccdn.com/obj/data-static/log-sdk/collect/5.0/collect-rangers-v5.1.12.js:0
[    8943ms] [LOG] /./ @ https://static.trustdecision.com/tdfp/cn/1adb3bba719793fb6874417a286e900d/fm.js?t=495777:3
[    8943ms] [LOG] JSHandle@node @ https://static.trustdecision.com/tdfp/cn/1adb3bba719793fb6874417a286e900d/fm.js?t=495777:3
[    8944ms] [LOG] function oQQo0(){} @ https://static.trustdecision.com/tdfp/cn/1adb3bba719793fb6874417a286e900d/fm.js?t=495777:3
[    8944ms] [LOG] Thu Jul 23 2026 16:50:28 GMT+0800 (中国标准时间) @ https://static.trustdecision.com/tdfp/cn/1adb3bba719793fb6874417a286e900d/fm.js?t=495777:3
[   11102ms] [LOG] /./ @ https://static.trustdecision.com/tdfp/cn/1adb3bba719793fb6874417a286e900d/fm.js?t=495777:3
[   11102ms] [LOG] JSHandle@node @ https://static.trustdecision.com/tdfp/cn/1adb3bba719793fb6874417a286e900d/fm.js?t=495777:3
[   11102ms] [LOG] function oQQo0(){} @ https://static.trustdecision.com/tdfp/cn/1adb3bba719793fb6874417a286e900d/fm.js?t=495777:3
[   11102ms] [LOG] Thu Jul 23 2026 16:50:30 GMT+0800 (中国标准时间) @ https://static.trustdecision.com/tdfp/cn/1adb3bba719793fb6874417a286e900d/fm.js?t=495777:3
[   11348ms] [ERROR] Failed to load resource: the server responded with a status of 401 () @ https://www.kimi.com/apiv2/kimi.gateway.storage.v1.StorageService/GetUserStorageQuota:0
[   11351ms] [ERROR] Failed to load resource: the server responded with a status of 401 () @ https://www.kimi.com/apiv2/kimi.gateway.membership.v2.MembershipService/GetSubscriptionStats:0
[   11673ms] [ERROR] Failed to load resource: the server responded with a status of 401 () @ https://www.kimi.com/apiv2/kimi.gateway.storage.v1.StorageService/GetUserStorageQuota:0
[   11678ms] [ERROR] Failed to load resource: the server responded with a status of 401 () @ https://www.kimi.com/apiv2/kimi.gateway.membership.v2.MembershipService/GetSubscriptionStats:0
[   18062ms] [INFO] Autofocus processing was blocked because a document already has a focused element. @ https://www.kimi.com/:0
[   18070ms] [LOG] /./ @ https://static.trustdecision.com/tdfp/cn/1adb3bba719793fb6874417a286e900d/fm.js?t=495777:3
[   18071ms] [LOG] JSHandle@node @ https://static.trustdecision.com/tdfp/cn/1adb3bba719793fb6874417a286e900d/fm.js?t=495777:3
[   18071ms] [LOG] function oQQo0(){} @ https://static.trustdecision.com/tdfp/cn/1adb3bba719793fb6874417a286e900d/fm.js?t=495777:3
[   18071ms] [LOG] Thu Jul 23 2026 16:50:37 GMT+0800 (中国标准时间) @ https://static.trustdecision.com/tdfp/cn/1adb3bba719793fb6874417a286e900d/fm.js?t=495777:3
[   19553ms] [LOG] /./ @ https://static.trustdecision.com/tdfp/cn/1adb3bba719793fb6874417a286e900d/fm.js?t=495777:3
[   19553ms] [LOG] JSHandle@node @ https://static.trustdecision.com/tdfp/cn/1adb3bba719793fb6874417a286e900d/fm.js?t=495777:3
[   19553ms] [LOG] function oQQo0(){} @ https://static.trustdecision.com/tdfp/cn/1adb3bba719793fb6874417a286e900d/fm.js?t=495777:3
[   19553ms] [LOG] Thu Jul 23 2026 16:50:39 GMT+0800 (中国标准时间) @ https://static.trustdecision.com/tdfp/cn/1adb3bba719793fb6874417a286e900d/fm.js?t=495777:3
[   21007ms] [LOG] /./ @ https://static.trustdecision.com/tdfp/cn/1adb3bba719793fb6874417a286e900d/fm.js?t=495777:3
[   21008ms] [LOG] JSHandle@node @ https://static.trustdecision.com/tdfp/cn/1adb3bba719793fb6874417a286e900d/fm.js?t=495777:3
[   21008ms] [LOG] function oQQo0(){} @ https://static.trustdecision.com/tdfp/cn/1adb3bba719793fb6874417a286e900d/fm.js?t=495777:3
[   21008ms] [LOG] Thu Jul 23 2026 16:50:40 GMT+0800 (中国标准时间) @ https://static.trustdecision.com/tdfp/cn/1adb3bba719793fb6874417a286e900d/fm.js?t=495777:3
[   22350ms] [LOG] /./ @ https://static.trustdecision.com/tdfp/cn/1adb3bba719793fb6874417a286e900d/fm.js?t=495777:3
[   22351ms] [LOG] JSHandle@node @ https://static.trustdecision.com/tdfp/cn/1adb3bba719793fb6874417a286e900d/fm.js?t=495777:3
[   22351ms] [LOG] function oQQo0(){} @ https://static.trustdecision.com/tdfp/cn/1adb3bba719793fb6874417a286e900d/fm.js?t=495777:3
[   22351ms] [LOG] Thu Jul 23 2026 16:50:42 GMT+0800 (中国标准时间) @ https://static.trustdecision.com/tdfp/cn/1adb3bba719793fb6874417a286e900d/fm.js?t=495777:3
[   23690ms] [LOG] /./ @ https://static.trustdecision.com/tdfp/cn/1adb3bba719793fb6874417a286e900d/fm.js?t=495777:3
[   23690ms] [LOG] JSHandle@node @ https://static.trustdecision.com/tdfp/cn/1adb3bba719793fb6874417a286e900d/fm.js?t=495777:3
[   23691ms] [LOG] function oQQo0(){} @ https://static.trustdecision.com/tdfp/cn/1adb3bba719793fb6874417a286e900d/fm.js?t=495777:3
[   23691ms] [LOG] Thu Jul 23 2026 16:50:43 GMT+0800 (中国标准时间) @ https://static.trustdecision.com/tdfp/cn/1adb3bba719793fb6874417a286e900d/fm.js?t=495777:3
[   25012ms] [LOG] /./ @ https://static.trustdecision.com/tdfp/cn/1adb3bba719793fb6874417a286e900d/fm.js?t=495777:3
[   25012ms] [LOG] JSHandle@node @ https://static.trustdecision.com/tdfp/cn/1adb3bba719793fb6874417a286e900d/fm.js?t=495777:3
[   25013ms] [LOG] function oQQo0(){} @ https://static.trustdecision.com/tdfp/cn/1adb3bba719793fb6874417a286e900d/fm.js?t=495777:3
[   25013ms] [LOG] Thu Jul 23 2026 16:50:44 GMT+0800 (中国标准时间) @ https://static.trustdecision.com/tdfp/cn/1adb3bba719793fb6874417a286e900d/fm.js?t=495777:3
[   26348ms] [LOG] /./ @ https://static.trustdecision.com/tdfp/cn/1adb3bba719793fb6874417a286e900d/fm.js?t=495777:3
[   26348ms] [LOG] JSHandle@node @ https://static.trustdecision.com/tdfp/cn/1adb3bba719793fb6874417a286e900d/fm.js?t=495777:3
[   26348ms] [LOG] function oQQo0(){} @ https://static.trustdecision.com/tdfp/cn/1adb3bba719793fb6874417a286e900d/fm.js?t=495777:3
[   26349ms] [LOG] Thu Jul 23 2026 16:50:46 GMT+0800 (中国标准时间) @ https://static.trustdecision.com/tdfp/cn/1adb3bba719793fb6874417a286e900d/fm.js?t=495777:3
[   26478ms] [LOG] %c %s color: yellow; background-color: black; [instance: default] appid: 20001731 token change, new userInfo:{"user_unique_id":"cneqgeg3r07dj7ujaee0","web_id":"7665643151566049797"} @ https://lf3-data.volccdn.com/obj/data-static/log-sdk/collect/5.0/collect-rangers-v5.1.12.js:0
[   26808ms] [LOG] /./ @ https://static.trustdecision.com/tdfp/cn/1adb3bba719793fb6874417a286e900d/fm.js?t=495777:3
[   26808ms] [LOG] JSHandle@node @ https://static.trustdecision.com/tdfp/cn/1adb3bba719793fb6874417a286e900d/fm.js?t=495777:3
[   26808ms] [LOG] function oQQo0(){} @ https://static.trustdecision.com/tdfp/cn/1adb3bba719793fb6874417a286e900d/fm.js?t=495777:3
[   26809ms] [LOG] Thu Jul 23 2026 16:50:46 GMT+0800 (中国标准时间) @ https://static.trustdecision.com/tdfp/cn/1adb3bba719793fb6874417a286e900d/fm.js?t=495777:3
[ 6396367ms] [LOG] /./ @ https://static.trustdecision.com/tdfp/cn/1adb3bba719793fb6874417a286e900d/fm.js?t=495777:3
[ 6396386ms] [LOG] JSHandle@node @ https://static.trustdecision.com/tdfp/cn/1adb3bba719793fb6874417a286e900d/fm.js?t=495777:3
[ 6396388ms] [LOG] function oQQo0(){} @ https://static.trustdecision.com/tdfp/cn/1adb3bba719793fb6874417a286e900d/fm.js?t=495777:3
[ 6396389ms] [LOG] Thu Jul 23 2026 18:36:56 GMT+0800 (中国标准时间) @ https://static.trustdecision.com/tdfp/cn/1adb3bba719793fb6874417a286e900d/fm.js?t=495777:3
[ 7716221ms] [LOG] /./ @ https://static.trustdecision.com/tdfp/cn/1adb3bba719793fb6874417a286e900d/fm.js?t=495777:3
[ 7716255ms] [LOG] JSHandle@node @ https://static.trustdecision.com/tdfp/cn/1adb3bba719793fb6874417a286e900d/fm.js?t=495777:3
[ 7716260ms] [LOG] function oQQo0(){} @ https://static.trustdecision.com/tdfp/cn/1adb3bba719793fb6874417a286e900d/fm.js?t=495777:3
[ 7716266ms] [LOG] Thu Jul 23 2026 18:58:55 GMT+0800 (中国标准时间) @ https://static.trustdecision.com/tdfp/cn/1adb3bba719793fb6874417a286e900d/fm.js?t=495777:3
